len: 16
.
..
...
....
.....
......
.......
........
.........
..........
...........
............
.............
..............
...............
................
head: non-null .
tail: non-null ................
shift
len: 15, head: non-null ..
shift
len: 14, head: non-null ...
shift
len: 13, head: non-null ....
shift
len: 12, head: non-null .....
shift
len: 11, head: non-null ......
shift
len: 10, head: non-null .......
shift
len: 9, head: non-null ........
shift
len: 8, head: non-null .........
shift
len: 7, head: non-null ..........
shift
len: 6, head: non-null ...........
shift
len: 5, head: non-null ............
shift
len: 4, head: non-null .............
shift
len: 3, head: non-null ..............
shift
len: 2, head: non-null ...............
shift
len: 1, head: non-null ................
shift
len: 0, head: null -
extend
len: 1, head: non-null extended
