len: 16
.
..
...
....
.....
......
.......
........
.........
..........
...........
............
.............
..............
...............
................
extend
len: 17
.
..
...
....
.....
......
.......
........
.........
..........
...........
............
.............
..............
...............
................
hello
