len: 10
.
..
...
....
.....
......
.......
........
.........
..........
extend
len: 11
.
..
...
....
.....
......
.......
........
.........
..........
extended element
pop
len: 10
.
..
...
....
.....
......
.......
........
.........
..........
clear
len: 0
push
len: 1
allocated utstring
done1
done2
