items in hash: 1, overhead: 8664
items in hash: 2, overhead: 8696
items in hash: 3, overhead: 8728
items in hash: 4, overhead: 8760
items in hash: 5, overhead: 8792
items in hash: 6, overhead: 8824
items in hash: 7, overhead: 8856
items in hash: 8, overhead: 8888
items in hash: 9, overhead: 8920
items in hash: 10, overhead: 8952
items in hash: 11, overhead: 8984
items in hash: 12, overhead: 9016
items in hash: 13, overhead: 9048
items in hash: 14, overhead: 9080
items in hash: 15, overhead: 9112
items in hash: 16, overhead: 9144
items in hash: 17, overhead: 9176
items in hash: 18, overhead: 9208
items in hash: 19, overhead: 9240
items in hash: 20, overhead: 9272
items in hash: 21, overhead: 9304
items in hash: 22, overhead: 9336
items in hash: 23, overhead: 9368
items in hash: 24, overhead: 9400
items in hash: 25, overhead: 9432
items in hash: 26, overhead: 9464
items in hash: 27, overhead: 9496
items in hash: 28, overhead: 9528
items in hash: 29, overhead: 9560
items in hash: 30, overhead: 9592
items in hash: 31, overhead: 9624
items in hash: 32, overhead: 9656
items in hash: 33, overhead: 9688
items in hash: 34, overhead: 9720
items in hash: 35, overhead: 9752
items in hash: 36, overhead: 9784
items in hash: 37, overhead: 9816
items in hash: 38, overhead: 9848
items in hash: 39, overhead: 9880
items in hash: 40, overhead: 9912
items in hash: 41, overhead: 9944
items in hash: 42, overhead: 9976
items in hash: 43, overhead: 10008
items in hash: 44, overhead: 10040
items in hash: 45, overhead: 10072
items in hash: 46, overhead: 10104
items in hash: 47, overhead: 10136
items in hash: 48, overhead: 10168
items in hash: 49, overhead: 10200
items in hash: 50, overhead: 10232
items in hash: 51, overhead: 10264
