ARNOLDO
COLTON
WES
WARNER
TONEY
NEVILLE
CHONG
KENTON
DARIO
DANNIE
ODIS
TRINIDAD
DONN
FRITZ
NORMAND
NIGEL
CORNELL
LINCOLN
RAYMUNDO
WINFRED
JARVIS
GUS
ISAIAH
XAVIER
CARY
ROLANDO
LAURENCE
CARROLL
IRVING
LOWELL
DAMON
OMAR
REX
ORLANDO
DOUG
WILLARD
CLIFTON
NELSON
CODY
ADRIAN
HARVEY
RON
LESTER
SHANE
WARREN
FREDERICK
GERALD
DOUGLAS
WALTER
WILLIAM
JOHN
