ADRIAN
ARNOLDO
CARROLL
CARY
CHONG
CLIFTON
CODY
COLTON
CORNELL
DAMON
DANNIE
DARIO
DONN
DOUG
DOUGLAS
FREDERICK
FRITZ
GERALD
GUS
HARVEY
IRVING
ISAIAH
JARVIS
JOHN
KENTON
LAURENCE
LESTER
LINCOLN
LOWELL
NELSON
NEVILLE
NIGEL
NORMAND
ODIS
OMAR
ORLANDO
RAYMUNDO
REX
ROLANDO
RON
SHANE
TONEY
TRINIDAD
WALTER
WARNER
WARREN
WES
WILLARD
WILLIAM
WINFRED
XAVIER
found WES

