alt_strlen
alt_strlen
alt_strlen
alt_strlen
alt_strlen
alt_strlen
alt_strlen
alt_strlen
alt_strlen
alt_strlen
alt_strlen
alt_keycmp
alt_strlen
alt_keycmp
alt_strlen
alt_keycmp
alt_strlen
alt_keycmp
alt_strlen
alt_keycmp
alt_strlen
alt_keycmp
alt_strlen
alt_keycmp
alt_strlen
alt_keycmp
alt_strlen
alt_keycmp
alt_strlen
alt_keycmp
