0: aello
1: bello
2: cello
3: dello
4: eello
5: fello
6: gello
7: hello
8: iello
9: jello
found aello
right address? yes
found bello
right address? yes
found cello
right address? yes
found dello
right address? yes
found eello
right address? yes
found fello
right address? yes
found gello
right address? yes
found hello
right address? yes
found iello
right address? yes
found jello
right address? yes
