items in hash: 1, overhead: 460
items in hash: 2, overhead: 492
items in hash: 3, overhead: 524
items in hash: 4, overhead: 556
items in hash: 5, overhead: 588
items in hash: 6, overhead: 620
items in hash: 7, overhead: 652
items in hash: 8, overhead: 684
items in hash: 9, overhead: 716
items in hash: 10, overhead: 748
items in hash: 11, overhead: 780
items in hash: 12, overhead: 812
items in hash: 13, overhead: 844
items in hash: 14, overhead: 876
items in hash: 15, overhead: 908
items in hash: 16, overhead: 940
items in hash: 17, overhead: 972
items in hash: 18, overhead: 1004
items in hash: 19, overhead: 1036
items in hash: 20, overhead: 1068
items in hash: 21, overhead: 1100
items in hash: 22, overhead: 1132
items in hash: 23, overhead: 1164
items in hash: 24, overhead: 1196
items in hash: 25, overhead: 1228
items in hash: 26, overhead: 1260
items in hash: 27, overhead: 1292
items in hash: 28, overhead: 1324
items in hash: 29, overhead: 1356
items in hash: 30, overhead: 1388
items in hash: 31, overhead: 1420
items in hash: 32, overhead: 1452
items in hash: 33, overhead: 1484
items in hash: 34, overhead: 1516
items in hash: 35, overhead: 1548
items in hash: 36, overhead: 1580
items in hash: 37, overhead: 1612
items in hash: 38, overhead: 1644
items in hash: 39, overhead: 1676
items in hash: 40, overhead: 1708
items in hash: 41, overhead: 1740
items in hash: 42, overhead: 1772
items in hash: 43, overhead: 1804
items in hash: 44, overhead: 1836
items in hash: 45, overhead: 1868
items in hash: 46, overhead: 1900
items in hash: 47, overhead: 1932
items in hash: 48, overhead: 1964
items in hash: 49, overhead: 1996
items in hash: 50, overhead: 2028
items in hash: 51, overhead: 2060
