time 56 not found, inserting it
time 7 not found, inserting it
time 10 not found, inserting it
time 39 not found, inserting it
time 82 found with value 10
time 15 found with value 39
time 31 found with value 7
time 26 not found, inserting it
time 51 found with value 39
time 83 not found, inserting it
time 46 found with value 10
time 92 found with value 56
time 49 not found, inserting it
time 25 found with value 49
time 80 found with value 56
time 54 not found, inserting it
time 97 found with value 49
time 9 not found, inserting it
time 34 found with value 10
time 86 found with value 26
time 87 found with value 39
time 28 not found, inserting it
time 13 found with value 49
time 91 found with value 7
time 95 found with value 83
time 63 found with value 39
time 71 found with value 83
time 100 found with value 28
time 44 found with value 56
time 42 found with value 54
time 16 found with value 28
time 32 found with value 56
time 6 found with value 54
time 85 found with value 49
time 40 found with value 28
time 20 found with value 56
time 18 found with value 54
time 99 found with value 39
time 22 found with value 10
time 1 found with value 49
