sorting users ascending
user 0
user 1
user 2
user 3
user 4
user 5
user 6
user 7
user 8
user 9
sorting altusers descending
altuser 999
altuser 998
altuser 997
altuser 996
altuser 995
altuser 994
altuser 993
altuser 992
altuser 991
altuser 990
altuser 989
altuser 988
altuser 987
altuser 986
altuser 985
altuser 984
altuser 983
altuser 982
altuser 981
altuser 980
altuser 979
altuser 978
altuser 977
altuser 976
altuser 975
altuser 974
altuser 973
altuser 972
altuser 971
altuser 970
altuser 969
altuser 968
altuser 967
altuser 966
altuser 965
altuser 964
altuser 963
altuser 962
altuser 961
altuser 960
altuser 959
altuser 958
altuser 957
altuser 956
altuser 955
altuser 954
altuser 953
altuser 952
altuser 951
altuser 950
altuser 949
altuser 948
altuser 947
altuser 946
altuser 945
altuser 944
altuser 943
altuser 942
altuser 941
altuser 940
altuser 939
altuser 938
altuser 937
altuser 936
altuser 935
altuser 934
altuser 933
altuser 932
altuser 931
altuser 930
altuser 929
altuser 928
altuser 927
altuser 926
altuser 925
altuser 924
altuser 923
altuser 922
altuser 921
altuser 920
altuser 919
altuser 918
altuser 917
altuser 916
altuser 915
altuser 914
altuser 913
altuser 912
altuser 911
altuser 910
altuser 909
altuser 908
altuser 907
altuser 906
altuser 905
altuser 904
altuser 903
altuser 902
altuser 901
altuser 900
altuser 899
altuser 898
altuser 897
altuser 896
altuser 895
altuser 894
altuser 893
altuser 892
altuser 891
altuser 890
altuser 889
altuser 888
altuser 887
altuser 886
altuser 885
altuser 884
altuser 883
altuser 882
altuser 881
altuser 880
altuser 879
altuser 878
altuser 877
altuser 876
altuser 875
altuser 874
altuser 873
altuser 872
altuser 871
altuser 870
altuser 869
altuser 868
altuser 867
altuser 866
altuser 865
altuser 864
altuser 863
altuser 862
altuser 861
altuser 860
altuser 859
altuser 858
altuser 857
altuser 856
altuser 855
altuser 854
altuser 853
altuser 852
altuser 851
altuser 850
altuser 849
altuser 848
altuser 847
altuser 846
altuser 845
altuser 844
altuser 843
altuser 842
altuser 841
altuser 840
altuser 839
altuser 838
altuser 837
altuser 836
altuser 835
altuser 834
altuser 833
altuser 832
altuser 831
altuser 830
altuser 829
altuser 828
altuser 827
altuser 826
altuser 825
altuser 824
altuser 823
altuser 822
altuser 821
altuser 820
altuser 819
altuser 818
altuser 817
altuser 816
altuser 815
altuser 814
altuser 813
altuser 812
altuser 811
altuser 810
altuser 809
altuser 808
altuser 807
altuser 806
altuser 805
altuser 804
altuser 803
altuser 802
altuser 801
altuser 800
altuser 799
altuser 798
altuser 797
altuser 796
altuser 795
altuser 794
altuser 793
altuser 792
altuser 791
altuser 790
altuser 789
altuser 788
altuser 787
altuser 786
altuser 785
altuser 784
altuser 783
altuser 782
altuser 781
altuser 780
altuser 779
altuser 778
altuser 777
altuser 776
altuser 775
altuser 774
altuser 773
altuser 772
altuser 771
altuser 770
altuser 769
altuser 768
altuser 767
altuser 766
altuser 765
altuser 764
altuser 763
altuser 762
altuser 761
altuser 760
altuser 759
altuser 758
altuser 757
altuser 756
altuser 755
altuser 754
altuser 753
altuser 752
altuser 751
altuser 750
altuser 749
altuser 748
altuser 747
altuser 746
altuser 745
altuser 744
altuser 743
altuser 742
altuser 741
altuser 740
altuser 739
altuser 738
altuser 737
altuser 736
altuser 735
altuser 734
altuser 733
altuser 732
altuser 731
altuser 730
altuser 729
altuser 728
altuser 727
altuser 726
altuser 725
altuser 724
altuser 723
altuser 722
altuser 721
altuser 720
altuser 719
altuser 718
altuser 717
altuser 716
altuser 715
altuser 714
altuser 713
altuser 712
altuser 711
altuser 710
altuser 709
altuser 708
altuser 707
altuser 706
altuser 705
altuser 704
altuser 703
altuser 702
altuser 701
altuser 700
altuser 699
altuser 698
altuser 697
altuser 696
altuser 695
altuser 694
altuser 693
altuser 692
altuser 691
altuser 690
altuser 689
altuser 688
altuser 687
altuser 686
altuser 685
altuser 684
altuser 683
altuser 682
altuser 681
altuser 680
altuser 679
altuser 678
altuser 677
altuser 676
altuser 675
altuser 674
altuser 673
altuser 672
altuser 671
altuser 670
altuser 669
altuser 668
altuser 667
altuser 666
altuser 665
altuser 664
altuser 663
altuser 662
altuser 661
altuser 660
altuser 659
altuser 658
altuser 657
altuser 656
altuser 655
altuser 654
altuser 653
altuser 652
altuser 651
altuser 650
altuser 649
altuser 648
altuser 647
altuser 646
altuser 645
altuser 644
altuser 643
altuser 642
altuser 641
altuser 640
altuser 639
altuser 638
altuser 637
altuser 636
altuser 635
altuser 634
altuser 633
altuser 632
altuser 631
altuser 630
altuser 629
altuser 628
altuser 627
altuser 626
altuser 625
altuser 624
altuser 623
altuser 622
altuser 621
altuser 620
altuser 619
altuser 618
altuser 617
altuser 616
altuser 615
altuser 614
altuser 613
altuser 612
altuser 611
altuser 610
altuser 609
altuser 608
altuser 607
altuser 606
altuser 605
altuser 604
altuser 603
altuser 602
altuser 601
altuser 600
altuser 599
altuser 598
altuser 597
altuser 596
altuser 595
altuser 594
altuser 593
altuser 592
altuser 591
altuser 590
altuser 589
altuser 588
altuser 587
altuser 586
altuser 585
altuser 584
altuser 583
altuser 582
altuser 581
altuser 580
altuser 579
altuser 578
altuser 577
altuser 576
altuser 575
altuser 574
altuser 573
altuser 572
altuser 571
altuser 570
altuser 569
altuser 568
altuser 567
altuser 566
altuser 565
altuser 564
altuser 563
altuser 562
altuser 561
altuser 560
altuser 559
altuser 558
altuser 557
altuser 556
altuser 555
altuser 554
altuser 553
altuser 552
altuser 551
altuser 550
altuser 549
altuser 548
altuser 547
altuser 546
altuser 545
altuser 544
altuser 543
altuser 542
altuser 541
altuser 540
altuser 539
altuser 538
altuser 537
altuser 536
altuser 535
altuser 534
altuser 533
altuser 532
altuser 531
altuser 530
altuser 529
altuser 528
altuser 527
altuser 526
altuser 525
altuser 524
altuser 523
altuser 522
altuser 521
altuser 520
altuser 519
altuser 518
altuser 517
altuser 516
altuser 515
altuser 514
altuser 513
altuser 512
altuser 511
altuser 510
altuser 509
altuser 508
altuser 507
altuser 506
altuser 505
altuser 504
altuser 503
altuser 502
altuser 501
altuser 500
altuser 499
altuser 498
altuser 497
altuser 496
altuser 495
altuser 494
altuser 493
altuser 492
altuser 491
altuser 490
altuser 489
altuser 488
altuser 487
altuser 486
altuser 485
altuser 484
altuser 483
altuser 482
altuser 481
altuser 480
altuser 479
altuser 478
altuser 477
altuser 476
altuser 475
altuser 474
altuser 473
altuser 472
altuser 471
altuser 470
altuser 469
altuser 468
altuser 467
altuser 466
altuser 465
altuser 464
altuser 463
altuser 462
altuser 461
altuser 460
altuser 459
altuser 458
altuser 457
altuser 456
altuser 455
altuser 454
altuser 453
altuser 452
altuser 451
altuser 450
altuser 449
altuser 448
altuser 447
altuser 446
altuser 445
altuser 444
altuser 443
altuser 442
altuser 441
altuser 440
altuser 439
altuser 438
altuser 437
altuser 436
altuser 435
altuser 434
altuser 433
altuser 432
altuser 431
altuser 430
altuser 429
altuser 428
altuser 427
altuser 426
altuser 425
altuser 424
altuser 423
altuser 422
altuser 421
altuser 420
altuser 419
altuser 418
altuser 417
altuser 416
altuser 415
altuser 414
altuser 413
altuser 412
altuser 411
altuser 410
altuser 409
altuser 408
altuser 407
altuser 406
altuser 405
altuser 404
altuser 403
altuser 402
altuser 401
altuser 400
altuser 399
altuser 398
altuser 397
altuser 396
altuser 395
altuser 394
altuser 393
altuser 392
altuser 391
altuser 390
altuser 389
altuser 388
altuser 387
altuser 386
altuser 385
altuser 384
altuser 383
altuser 382
altuser 381
altuser 380
altuser 379
altuser 378
altuser 377
altuser 376
altuser 375
altuser 374
altuser 373
altuser 372
altuser 371
altuser 370
altuser 369
altuser 368
altuser 367
altuser 366
altuser 365
altuser 364
altuser 363
altuser 362
altuser 361
altuser 360
altuser 359
altuser 358
altuser 357
altuser 356
altuser 355
altuser 354
altuser 353
altuser 352
altuser 351
altuser 350
altuser 349
altuser 348
altuser 347
altuser 346
altuser 345
altuser 344
altuser 343
altuser 342
altuser 341
altuser 340
altuser 339
altuser 338
altuser 337
altuser 336
altuser 335
altuser 334
altuser 333
altuser 332
altuser 331
altuser 330
altuser 329
altuser 328
altuser 327
altuser 326
altuser 325
altuser 324
altuser 323
altuser 322
altuser 321
altuser 320
altuser 319
altuser 318
altuser 317
altuser 316
altuser 315
altuser 314
altuser 313
altuser 312
altuser 311
altuser 310
altuser 309
altuser 308
altuser 307
altuser 306
altuser 305
altuser 304
altuser 303
altuser 302
altuser 301
altuser 300
altuser 299
altuser 298
altuser 297
altuser 296
altuser 295
altuser 294
altuser 293
altuser 292
altuser 291
altuser 290
altuser 289
altuser 288
altuser 287
altuser 286
altuser 285
altuser 284
altuser 283
altuser 282
altuser 281
altuser 280
altuser 279
altuser 278
altuser 277
altuser 276
altuser 275
altuser 274
altuser 273
altuser 272
altuser 271
altuser 270
altuser 269
altuser 268
altuser 267
altuser 266
altuser 265
altuser 264
altuser 263
altuser 262
altuser 261
altuser 260
altuser 259
altuser 258
altuser 257
altuser 256
altuser 255
altuser 254
altuser 253
altuser 252
altuser 251
altuser 250
altuser 249
altuser 248
altuser 247
altuser 246
altuser 245
altuser 244
altuser 243
altuser 242
altuser 241
altuser 240
altuser 239
altuser 238
altuser 237
altuser 236
altuser 235
altuser 234
altuser 233
altuser 232
altuser 231
altuser 230
altuser 229
altuser 228
altuser 227
altuser 226
altuser 225
altuser 224
altuser 223
altuser 222
altuser 221
altuser 220
altuser 219
altuser 218
altuser 217
altuser 216
altuser 215
altuser 214
altuser 213
altuser 212
altuser 211
altuser 210
altuser 209
altuser 208
altuser 207
altuser 206
altuser 205
altuser 204
altuser 203
altuser 202
altuser 201
altuser 200
altuser 199
altuser 198
altuser 197
altuser 196
altuser 195
altuser 194
altuser 193
altuser 192
altuser 191
altuser 190
altuser 189
altuser 188
altuser 187
altuser 186
altuser 185
altuser 184
altuser 183
altuser 182
altuser 181
altuser 180
altuser 179
altuser 178
altuser 177
altuser 176
altuser 175
altuser 174
altuser 173
altuser 172
altuser 171
altuser 170
altuser 169
altuser 168
altuser 167
altuser 166
altuser 165
altuser 164
altuser 163
altuser 162
altuser 161
altuser 160
altuser 159
altuser 158
altuser 157
altuser 156
altuser 155
altuser 154
altuser 153
altuser 152
altuser 151
altuser 150
altuser 149
altuser 148
altuser 147
altuser 146
altuser 145
altuser 144
altuser 143
altuser 142
altuser 141
altuser 140
altuser 139
altuser 138
altuser 137
altuser 136
altuser 135
altuser 134
altuser 133
altuser 132
altuser 131
altuser 130
altuser 129
altuser 128
altuser 127
altuser 126
altuser 125
altuser 124
altuser 123
altuser 122
altuser 121
altuser 120
altuser 119
altuser 118
altuser 117
altuser 116
altuser 115
altuser 114
altuser 113
altuser 112
altuser 111
altuser 110
altuser 109
altuser 108
altuser 107
altuser 106
altuser 105
altuser 104
altuser 103
altuser 102
altuser 101
altuser 100
altuser 99
altuser 98
altuser 97
altuser 96
altuser 95
altuser 94
altuser 93
altuser 92
altuser 91
altuser 90
altuser 89
altuser 88
altuser 87
altuser 86
altuser 85
altuser 84
altuser 83
altuser 82
altuser 81
altuser 80
altuser 79
altuser 78
altuser 77
altuser 76
altuser 75
altuser 74
altuser 73
altuser 72
altuser 71
altuser 70
altuser 69
altuser 68
altuser 67
altuser 66
altuser 65
altuser 64
altuser 63
altuser 62
altuser 61
altuser 60
altuser 59
altuser 58
altuser 57
altuser 56
altuser 55
altuser 54
altuser 53
altuser 52
altuser 51
altuser 50
altuser 49
altuser 48
altuser 47
altuser 46
altuser 45
altuser 44
altuser 43
altuser 42
altuser 41
altuser 40
altuser 39
altuser 38
altuser 37
altuser 36
altuser 35
altuser 34
altuser 33
altuser 32
altuser 31
altuser 30
altuser 29
altuser 28
altuser 27
altuser 26
altuser 25
altuser 24
altuser 23
altuser 22
altuser 21
altuser 20
altuser 19
altuser 18
altuser 17
altuser 16
altuser 15
altuser 14
altuser 13
altuser 12
altuser 11
altuser 10
altuser 9
altuser 8
altuser 7
altuser 6
altuser 5
altuser 4
altuser 3
altuser 2
altuser 1
altuser 0
