user 9, cookie 81
user 8, cookie 64
user 7, cookie 49
user 6, cookie 36
user 5, cookie 25
user 4, cookie 16
user 3, cookie 9
user 2, cookie 4
user 1, cookie 1
user 0, cookie 0
sorting
called for a:9, b:8
called for a:7, b:6
called for a:5, b:4
called for a:3, b:2
called for a:1, b:0
called for a:8, b:6
called for a:8, b:7
called for a:4, b:2
called for a:4, b:3
called for a:6, b:2
called for a:6, b:3
called for a:6, b:4
called for a:6, b:5
called for a:2, b:0
called for a:2, b:1
user 0, cookie 0
user 1, cookie 1
user 2, cookie 4
user 3, cookie 9
user 4, cookie 16
user 5, cookie 25
user 6, cookie 36
user 7, cookie 49
user 8, cookie 64
user 9, cookie 81
adding 10-20
user 0, cookie 0
user 1, cookie 1
user 2, cookie 4
user 3, cookie 9
user 4, cookie 16
user 5, cookie 25
user 6, cookie 36
user 7, cookie 49
user 8, cookie 64
user 9, cookie 81
user 20, cookie 400
user 19, cookie 361
user 18, cookie 324
user 17, cookie 289
user 16, cookie 256
user 15, cookie 225
user 14, cookie 196
user 13, cookie 169
user 12, cookie 144
user 11, cookie 121
user 10, cookie 100
sorting
called for a:0, b:1
called for a:2, b:3
called for a:4, b:5
called for a:6, b:7
called for a:8, b:9
called for a:20, b:19
called for a:18, b:17
called for a:16, b:15
called for a:14, b:13
called for a:12, b:11
called for a:0, b:2
called for a:1, b:2
called for a:4, b:6
called for a:5, b:6
called for a:8, b:19
called for a:9, b:19
called for a:17, b:15
called for a:17, b:16
called for a:13, b:11
called for a:13, b:12
called for a:0, b:4
called for a:1, b:4
called for a:2, b:4
called for a:3, b:4
called for a:8, b:15
called for a:9, b:15
called for a:19, b:15
called for a:19, b:16
called for a:19, b:17
called for a:19, b:18
called for a:11, b:10
called for a:0, b:8
called for a:1, b:8
called for a:2, b:8
called for a:3, b:8
called for a:4, b:8
called for a:5, b:8
called for a:6, b:8
called for a:7, b:8
called for a:0, b:10
called for a:1, b:10
called for a:2, b:10
called for a:3, b:10
called for a:4, b:10
called for a:5, b:10
called for a:6, b:10
called for a:7, b:10
called for a:8, b:10
called for a:9, b:10
called for a:15, b:10
called for a:15, b:11
called for a:15, b:12
called for a:15, b:13
called for a:15, b:14
user 0, cookie 0
user 1, cookie 1
user 2, cookie 4
user 3, cookie 9
user 4, cookie 16
user 5, cookie 25
user 6, cookie 36
user 7, cookie 49
user 8, cookie 64
user 9, cookie 81
user 10, cookie 100
user 11, cookie 121
user 12, cookie 144
user 13, cookie 169
user 14, cookie 196
user 15, cookie 225
user 16, cookie 256
user 17, cookie 289
user 18, cookie 324
user 19, cookie 361
user 20, cookie 400
