alt_strlen
alt_strlen
alt_strlen
alt_strlen
alt_strlen
alt_strlen
alt_strlen
alt_strlen
alt_strlen
alt_strlen
alt_strlen
alt_memcmp
alt_strlen
alt_memcmp
alt_strlen
alt_memcmp
alt_strlen
alt_memcmp
alt_strlen
alt_memcmp
alt_strlen
alt_memcmp
alt_strlen
alt_memcmp
alt_strlen
alt_memcmp
alt_strlen
alt_memcmp
alt_strlen
alt_memcmp
