added bob (id 0)
added jack (id 1)
added gary (id 2)
added ty (id 3)
added bo (id 4)
added phil (id 5)
added art (id 6)
added gil (id 7)
added buck (id 8)
added ted (id 9)
found bob (id 0)
found jack (id 1)
found gary (id 2)
found ty (id 3)
found bo (id 4)
found phil (id 5)
found art (id 6)
found gil (id 7)
found buck (id 8)
found ted (id 9)
