len: 16
.
..
...
....
.....
......
.......
........
.........
..........
...........
............
.............
..............
...............
................
head: non-null .
tail: non-null ................
extend
len: 17
.
..
...
....
.....
......
.......
........
.........
..........
...........
............
.............
..............
...............
................
hello
head: non-null .
tail: non-null hello
